> Task :app:preBuild UP-TO-DATE
> Task :app:preReleaseBuild UP-TO-DATE
> Task :app:mergeReleaseJniLibFolders UP-TO-DATE
> Task :app:mergeReleaseNativeLibs UP-TO-DATE
> Task :app:stripReleaseDebugSymbols UP-TO-DATE
> Task :app:extractReleaseNativeSymbolTables UP-TO-DATE
> Task :app:mergeReleaseNativeDebugMetadata NO-SOURCE
> Task :app:checkReleaseDuplicateClasses UP-TO-DATE
> Task :app:buildKotlinToolingMetadata UP-TO-DATE
> Task :app:checkKotlinGradlePluginConfigurationErrors
> Task :app:checkReleaseAarMetadata UP-TO-DATE
> Task :app:processReleaseNavigationResources UP-TO-DATE
> Task :app:compileReleaseNavigationResources UP-TO-DATE
> Task :app:generateReleaseResValues UP-TO-DATE
> Task :app:mapReleaseSourceSetPaths UP-TO-DATE
> Task :app:generateReleaseResources UP-TO-DATE
> Task :app:mergeReleaseResources UP-TO-DATE
> Task :app:packageReleaseResources UP-TO-DATE
> Task :app:parseReleaseLocalResources UP-TO-DATE
> Task :app:createReleaseCompatibleScreenManifests UP-TO-DATE
> Task :app:extractDeepLinksRelease UP-TO-DATE
> Task :app:processReleaseMainManifest UP-TO-DATE
> Task :app:processReleaseManifest UP-TO-DATE
> Task :app:processReleaseManifestForPackage UP-TO-DATE
> Task :app:processReleaseResources UP-TO-DATE
> Task :app:kspReleaseKotlin UP-TO-DATE
> Task :app:javaPreCompileRelease UP-TO-DATE
> Task :app:desugarReleaseFileDependencies UP-TO-DATE
> Task :app:mergeReleaseStartupProfile UP-TO-DATE
> Task :app:mergeExtDexRelease UP-TO-DATE
> Task :app:mergeReleaseArtProfile UP-TO-DATE
> Task :app:mergeReleaseShaders UP-TO-DATE
> Task :app:compileReleaseShaders NO-SOURCE
> Task :app:generateReleaseAssets UP-TO-DATE
> Task :app:mergeReleaseAssets UP-TO-DATE
> Task :app:compressReleaseAssets UP-TO-DATE
> Task :app:extractReleaseVersionControlInfo UP-TO-DATE
> Task :app:extractProguardFiles UP-TO-DATE
> Task :app:optimizeReleaseResources UP-TO-DATE
> Task :app:collectReleaseDependencies UP-TO-DATE
> Task :app:sdkReleaseDependencyData UP-TO-DATE
> Task :app:validateSigningRelease UP-TO-DATE
> Task :app:writeReleaseAppMetadata UP-TO-DATE
> Task :app:writeReleaseSigningConfigVersions UP-TO-DATE

> Task :app:compileReleaseKotlin
.\gradlew : e: file:///C:/Users/nerdd/AndroidStudioProjects/minha
scompras2/app/src/main/java/com/example/minhascompras/ui/screens/
ListaComprasScreen.kt:340:33 Cannot find a parameter with this 
name: contentPadding
No linha:1 caractere:1
+ .\gradlew assembleRelease 2>&1 | Tee-Object -FilePath 
"build-output.t ...
+ ~~~~~~~~~~~~~~~~~~~~~~~~~~~~~~
    + CategoryInfo          : NotSpecified: (e: file:///C:/U...  
   contentPadding:String) [], RemoteException
    + FullyQualifiedErrorId : NativeCommandError
 
e: file:///C:/Users/nerdd/AndroidStudioProjects/minhascompras2/ap
p/src/main/java/com/example/minhascompras/ui/screens/ListaCompras
Screen.kt:354:33 Cannot find a parameter with this name: 
contentPadding
e: file:///C:/Users/nerdd/AndroidStudioProjects/minhascompras2/ap
p/src/main/java/com/example/minhascompras/ui/screens/ListaCompras
Screen.kt:368:33 Cannot find a parameter with this name: 
contentPadding
e: file:///C:/Users/nerdd/AndroidStudioProjects/minhascompras2/ap
p/src/main/java/com/example/minhascompras/ui/screens/ListaCompras
Screen.kt:391:33 Cannot find a parameter with this name: 
contentPadding
e: file:///C:/Users/nerdd/AndroidStudioProjects/minhascompras2/ap
p/src/main/java/com/example/minhascompras/ui/screens/ListaCompras
Screen.kt:405:33 Cannot find a parameter with this name: 
contentPadding
e: file:///C:/Users/nerdd/AndroidStudioProjects/minhascompras2/ap
p/src/main/java/com/example/minhascompras/ui/screens/ListaCompras
Screen.kt:419:33 Cannot find a parameter with this name: 
contentPadding

> Task :app:compileReleaseKotlin FAILED

FAILURE: Build failed with an exception.

* What went wrong:
Execution failed for task ':app:compileReleaseKotlin'.
> A failure occurred while executing org.jetbrains.kotlin.compile
rRunner.GradleCompilerRunnerWithWorkers$GradleKotlinCompilerWorkA
ction
   > Compilation error. See log for more details

* Try:
> Run with --stacktrace option to get the stack trace.
> Run with --info or --debug option to get more log output.
> Run with --scan to get full insights.
> Get more help at https://help.gradle.org.

BUILD FAILED in 37s
40 actionable tasks: 2 executed, 38 up-to-date
